// Jest Snapshot v1, https://goo.gl/fbAQLP

exports[`gizmo shared - PageTitle 1`] = `
<div
  className="page-title-wrapper"
>
  <label>
    Product Duplicate
  </label>
  <label>
     - 
    Nike shoes task
  </label>
</div>
`;
