// Jest Snapshot v1, https://goo.gl/fbAQLP

exports[`Gizmo shared - ChildB 1`] = `
<div
  className="child-b-wrapper"
>
  <input
    onChange={[Function]}
    value=""
  />
  <button
    onClick={[Function]}
  >
    Add
  </button>
</div>
`;
